Archive member included to satisfy reference by file (symbol)

d:/gcc-arm-none-eabi5_4/5.4 2016q3/bin/../lib/gcc/arm-none-eabi/5.4.1/../../../../arm-none-eabi/lib/armv7e-m/softfp\libg.a(lib_a-exit.o)
                              d:/gcc-arm-none-eabi5_4/5.4 2016q3/bin/../lib/gcc/arm-none-eabi/5.4.1/../../../../arm-none-eabi/lib/armv7e-m/softfp/crt0.o (exit)
d:/gcc-arm-none-eabi5_4/5.4 2016q3/bin/../lib/gcc/arm-none-eabi/5.4.1/../../../../arm-none-eabi/lib/armv7e-m/softfp\libg.a(lib_a-impure.o)
                              d:/gcc-arm-none-eabi5_4/5.4 2016q3/bin/../lib/gcc/arm-none-eabi/5.4.1/../../../../arm-none-eabi/lib/armv7e-m/softfp\libg.a(lib_a-exit.o) (_global_impure_ptr)
d:/gcc-arm-none-eabi5_4/5.4 2016q3/bin/../lib/gcc/arm-none-eabi/5.4.1/../../../../arm-none-eabi/lib/armv7e-m/softfp\libg.a(lib_a-init.o)
                              d:/gcc-arm-none-eabi5_4/5.4 2016q3/bin/../lib/gcc/arm-none-eabi/5.4.1/../../../../arm-none-eabi/lib/armv7e-m/softfp/crt0.o (__libc_init_array)
d:/gcc-arm-none-eabi5_4/5.4 2016q3/bin/../lib/gcc/arm-none-eabi/5.4.1/../../../../arm-none-eabi/lib/armv7e-m/softfp\libg.a(lib_a-memcpy.o)
                              ./Middlewares/Third_Party/FreeRTOS/Source/queue.o (memcpy)
d:/gcc-arm-none-eabi5_4/5.4 2016q3/bin/../lib/gcc/arm-none-eabi/5.4.1/../../../../arm-none-eabi/lib/armv7e-m/softfp\libg.a(lib_a-memset.o)
                              d:/gcc-arm-none-eabi5_4/5.4 2016q3/bin/../lib/gcc/arm-none-eabi/5.4.1/../../../../arm-none-eabi/lib/armv7e-m/softfp/crt0.o (memset)
d:/gcc-arm-none-eabi5_4/5.4 2016q3/bin/../lib/gcc/arm-none-eabi/5.4.1/../../../../arm-none-eabi/lib/armv7e-m/softfp\libg.a(lib_a-__call_atexit.o)
                              d:/gcc-arm-none-eabi5_4/5.4 2016q3/bin/../lib/gcc/arm-none-eabi/5.4.1/../../../../arm-none-eabi/lib/armv7e-m/softfp\libg.a(lib_a-exit.o) (__call_exitprocs)
d:/gcc-arm-none-eabi5_4/5.4 2016q3/bin/../lib/gcc/arm-none-eabi/5.4.1/../../../../arm-none-eabi/lib/armv7e-m/softfp\libg.a(lib_a-atexit.o)
                              d:/gcc-arm-none-eabi5_4/5.4 2016q3/bin/../lib/gcc/arm-none-eabi/5.4.1/../../../../arm-none-eabi/lib/armv7e-m/softfp\libg.a(lib_a-__call_atexit.o) (atexit)
d:/gcc-arm-none-eabi5_4/5.4 2016q3/bin/../lib/gcc/arm-none-eabi/5.4.1/../../../../arm-none-eabi/lib/armv7e-m/softfp\libg.a(lib_a-fini.o)
                              d:/gcc-arm-none-eabi5_4/5.4 2016q3/bin/../lib/gcc/arm-none-eabi/5.4.1/../../../../arm-none-eabi/lib/armv7e-m/softfp\libg.a(lib_a-__call_atexit.o) (__libc_fini_array)
d:/gcc-arm-none-eabi5_4/5.4 2016q3/bin/../lib/gcc/arm-none-eabi/5.4.1/../../../../arm-none-eabi/lib/armv7e-m/softfp\libg.a(lib_a-__atexit.o)
                              d:/gcc-arm-none-eabi5_4/5.4 2016q3/bin/../lib/gcc/arm-none-eabi/5.4.1/../../../../arm-none-eabi/lib/armv7e-m/softfp\libg.a(lib_a-atexit.o) (__register_exitproc)

Allocating common symbols
Common symbol       size              file

defaultTaskHandle   0x4               ./Src/main.o
uwTick              0x4               ./Drivers/STM32F4xx_HAL_Driver/Src/stm32f4xx_hal.o
xQueueRegistry      0x40              ./Middlewares/Third_Party/FreeRTOS/Source/queue.o
pFlash              0x20              ./Drivers/STM32F4xx_HAL_Driver/Src/stm32f4xx_hal_flash.o
htim14              0x3c              ./Src/stm32f4xx_hal_timebase_TIM.o

Discarded input sections

 .text          0x00000000        0x0 d:/gcc-arm-none-eabi5_4/5.4 2016q3/bin/../lib/gcc/arm-none-eabi/5.4.1/armv7e-m/softfp/crti.o
 .data          0x00000000        0x0 d:/gcc-arm-none-eabi5_4/5.4 2016q3/bin/../lib/gcc/arm-none-eabi/5.4.1/armv7e-m/softfp/crti.o
 .bss           0x00000000        0x0 d:/gcc-arm-none-eabi5_4/5.4 2016q3/bin/../lib/gcc/arm-none-eabi/5.4.1/armv7e-m/softfp/crti.o
 .data          0x00000000        0x4 d:/gcc-arm-none-eabi5_4/5.4 2016q3/bin/../lib/gcc/arm-none-eabi/5.4.1/armv7e-m/softfp/crtbegin.o
 .text          0x00000000       0x74 d:/gcc-arm-none-eabi5_4/5.4 2016q3/bin/../lib/gcc/arm-none-eabi/5.4.1/../../../../arm-none-eabi/lib/armv7e-m/softfp/crt0.o
 .data          0x00000000        0x0 d:/gcc-arm-none-eabi5_4/5.4 2016q3/bin/../lib/gcc/arm-none-eabi/5.4.1/../../../../arm-none-eabi/lib/armv7e-m/softfp/crt0.o
 .bss           0x00000000        0x0 d:/gcc-arm-none-eabi5_4/5.4 2016q3/bin/../lib/gcc/arm-none-eabi/5.4.1/../../../../arm-none-eabi/lib/armv7e-m/softfp/crt0.o
 .ARM.extab     0x00000000        0x0 d:/gcc-arm-none-eabi5_4/5.4 2016q3/bin/../lib/gcc/arm-none-eabi/5.4.1/../../../../arm-none-eabi/lib/armv7e-m/softfp/crt0.o
 .ARM.exidx     0x00000000        0x8 d:/gcc-arm-none-eabi5_4/5.4 2016q3/bin/../lib/gcc/arm-none-eabi/5.4.1/../../../../arm-none-eabi/lib/armv7e-m/softfp/crt0.o
 .ARM.attributes
                0x00000000       0x20 d:/gcc-arm-none-eabi5_4/5.4 2016q3/bin/../lib/gcc/arm-none-eabi/5.4.1/../../../../arm-none-eabi/lib/armv7e-m/softfp/crt0.o
 .text          0x00000000       0x14 ./startup/startup_stm32f429xx.o
 .data          0x00000000        0x0 ./startup/startup_stm32f429xx.o
[...]
Memory Configuration

Name             Origin             Length             Attributes
RAM              0x20000000         0x00030000         xrw
CCMRAM           0x10000000         0x00010000         rw
FLASH            0x08000000         0x00200000         xr
*default*        0x00000000         0xffffffff

Linker script and memory map

LOAD d:/gcc-arm-none-eabi5_4/5.4 2016q3/bin/../lib/gcc/arm-none-eabi/5.4.1/armv7e-m/softfp/crti.o
LOAD d:/gcc-arm-none-eabi5_4/5.4 2016q3/bin/../lib/gcc/arm-none-eabi/5.4.1/armv7e-m/softfp/crtbegin.o
LOAD d:/gcc-arm-none-eabi5_4/5.4 2016q3/bin/../lib/gcc/arm-none-eabi/5.4.1/../../../../arm-none-eabi/lib/armv7e-m/softfp/crt0.o
LOAD ./startup/startup_stm32f429xx.o
LOAD ./Src/freertos.o
LOAD ./Src/main.o
LOAD ./Src/stm32f4xx_hal_msp.o
LOAD ./Src/stm32f4xx_hal_timebase_TIM.o
LOAD ./Src/stm32f4xx_it.o
LOAD ./Src/system_stm32f4xx.o
LOAD ./Middlewares/Third_Party/FreeRTOS/Source/portable/MemMang/heap_4.o
LOAD ./Middlewares/Third_Party/FreeRTOS/Source/portable/GCC/ARM_CM4F/port.o
LOAD ./Middlewares/Third_Party/FreeRTOS/Source/CMSIS_RTOS/cmsis_os.o
LOAD ./Middlewares/Third_Party/FreeRTOS/Source/croutine.o
LOAD ./Middlewares/Third_Party/FreeRTOS/Source/event_groups.o
LOAD ./Middlewares/Third_Party/FreeRTOS/Source/list.o
LOAD ./Middlewares/Third_Party/FreeRTOS/Source/queue.o
LOAD ./Middlewares/Third_Party/FreeRTOS/Source/tasks.o
LOAD ./Middlewares/Third_Party/FreeRTOS/Source/timers.o
LOAD ./Drivers/STM32F4xx_HAL_Driver/Src/stm32f4xx_hal.o
LOAD ./Drivers/STM32F4xx_HAL_Driver/Src/stm32f4xx_hal_cortex.o
LOAD ./Drivers/STM32F4xx_HAL_Driver/Src/stm32f4xx_hal_dma.o
LOAD ./Drivers/STM32F4xx_HAL_Driver/Src/stm32f4xx_hal_dma_ex.o
LOAD ./Drivers/STM32F4xx_HAL_Driver/Src/stm32f4xx_hal_flash.o
LOAD ./Drivers/STM32F4xx_HAL_Driver/Src/stm32f4xx_hal_flash_ex.o
LOAD ./Drivers/STM32F4xx_HAL_Driver/Src/stm32f4xx_hal_flash_ramfunc.o
LOAD ./Drivers/STM32F4xx_HAL_Driver/Src/stm32f4xx_hal_gpio.o
LOAD ./Drivers/STM32F4xx_HAL_Driver/Src/stm32f4xx_hal_pwr.o
LOAD ./Drivers/STM32F4xx_HAL_Driver/Src/stm32f4xx_hal_pwr_ex.o
LOAD ./Drivers/STM32F4xx_HAL_Driver/Src/stm32f4xx_hal_rcc.o
LOAD ./Drivers/STM32F4xx_HAL_Driver/Src/stm32f4xx_hal_rcc_ex.o
LOAD ./Drivers/STM32F4xx_HAL_Driver/Src/stm32f4xx_hal_tim.o
LOAD ./Drivers/STM32F4xx_HAL_Driver/Src/stm32f4xx_hal_tim_ex.o
LOAD d:/gcc-arm-none-eabi5_4/5.4 2016q3/bin/../lib/gcc/arm-none-eabi/5.4.1/../../../../arm-none-eabi/lib/armv7e-m/softfp\libstdc++.a
LOAD d:/gcc-arm-none-eabi5_4/5.4 2016q3/bin/../lib/gcc/arm-none-eabi/5.4.1/../../../../arm-none-eabi/lib/armv7e-m/softfp\libm.a
START GROUP
LOAD d:/gcc-arm-none-eabi5_4/5.4 2016q3/bin/../lib/gcc/arm-none-eabi/5.4.1/armv7e-m/softfp\libgcc.a
LOAD d:/gcc-arm-none-eabi5_4/5.4 2016q3/bin/../lib/gcc/arm-none-eabi/5.4.1/../../../../arm-none-eabi/lib/armv7e-m/softfp\libg.a
LOAD d:/gcc-arm-none-eabi5_4/5.4 2016q3/bin/../lib/gcc/arm-none-eabi/5.4.1/../../../../arm-none-eabi/lib/armv7e-m/softfp\libc.a
END GROUP
LOAD d:/gcc-arm-none-eabi5_4/5.4 2016q3/bin/../lib/gcc/arm-none-eabi/5.4.1/armv7e-m/softfp/crtend.o
LOAD d:/gcc-arm-none-eabi5_4/5.4 2016q3/bin/../lib/gcc/arm-none-eabi/5.4.1/armv7e-m/softfp/crtn.o
                0x20030000                _estack = 0x20030000
                0x00000200                _Min_Heap_Size = 0x200
                0x00000400                _Min_Stack_Size = 0x400

.isr_vector     0x08000000      0x1ac
                0x08000000                . = ALIGN (0x4)
 *(.isr_vector)
 .isr_vector    0x08000000      0x1ac ./startup/startup_stm32f429xx.o
                0x08000000                g_pfnVectors
                0x080001ac                . = ALIGN (0x4)

.text           0x080001ac     0x32d8
                0x080001ac                . = ALIGN (0x4)
 *(.text)
 .text          0x080001ac       0x5c d:/gcc-arm-none-eabi5_4/5.4 2016q3/bin/../lib/gcc/arm-none-eabi/5.4.1/armv7e-m/softfp/crtbegin.o
 *(.text*)
 .text.Reset_Handler
                0x08000208       0x50 ./startup/startup_stm32f429xx.o
                0x08000208                Reset_Handler
 .text.Default_Handler
                0x08000258        0x2 ./startup/startup_stm32f429xx.o
                0x08000258                RTC_Alarm_IRQHandler
                0x08000258                HASH_RNG_IRQHandler
                0x08000258                EXTI2_IRQHandler
                0x08000258                TIM8_CC_IRQHandler
                0x08000258                DebugMon_Handler
                0x08000258                UART8_IRQHandler
                0x08000258                SPI4_IRQHandler
                0x08000258                TIM1_CC_IRQHandler
                0x08000258                DMA2_Stream5_IRQHandler
                0x08000258                HardFault_Handler
                0x08000258                DMA1_Stream5_IRQHandler
                0x08000258                PVD_IRQHandler
                0x08000258                SDIO_IRQHandler
                0x08000258                TAMP_STAMP_IRQHandler
                0x08000258                NMI_Handler
                0x08000258                CAN2_RX1_IRQHandler
                0x08000258                EXTI3_IRQHandler
                0x08000258                TIM1_UP_TIM10_IRQHandler
                0x08000258                TIM8_UP_TIM13_IRQHandler
                0x08000258                I2C3_ER_IRQHandler
                0x08000258                EXTI0_IRQHandler
                0x08000258                I2C2_EV_IRQHandler
                0x08000258                DMA1_Stream2_IRQHandler
                0x08000258                CAN1_RX0_IRQHandler
                0x08000258                FPU_IRQHandler
                0x08000258                OTG_HS_WKUP_IRQHandler
                0x08000258                UsageFault_Handler
                0x08000258                LTDC_ER_IRQHandler
                0x08000258                CAN2_SCE_IRQHandler
                0x08000258                DMA2_Stream2_IRQHandler
                0x08000258                SPI1_IRQHandler
                0x08000258                TIM6_DAC_IRQHandler
                0x08000258                TIM1_BRK_TIM9_IRQHandler
                0x08000258                DCMI_IRQHandler
                0x08000258                CAN2_RX0_IRQHandler
                0x08000258                DMA2_Stream3_IRQHandler
                0x08000258                USART6_IRQHandler
                0x08000258                USART3_IRQHandler
                0x08000258                CAN1_RX1_IRQHandler
                0x08000258                UART5_IRQHandler
                0x08000258                DMA2_Stream0_IRQHandler
                0x08000258                TIM4_IRQHandler
                0x08000258                I2C1_EV_IRQHandler
                0x08000258                DMA1_Stream6_IRQHandler
                0x08000258                DMA1_Stream1_IRQHandler
                0x08000258                UART4_IRQHandler
                0x08000258                TIM3_IRQHandler
                0x08000258                RCC_IRQHandler
                0x08000258                TIM8_BRK_TIM12_IRQHandler
                0x08000258                Default_Handler
                0x08000258                EXTI15_10_IRQHandler
                0x08000258                ADC_IRQHandler
                0x08000258                DMA1_Stream7_IRQHandler
                0x08000258                SPI5_IRQHandler
                0x08000258                TIM7_IRQHandler
                0x08000258                CAN2_TX_IRQHandler
                0x08000258                TIM5_IRQHandler
                0x08000258                DMA2_Stream7_IRQHandler
                0x08000258                I2C3_EV_IRQHandler
                0x08000258                EXTI9_5_IRQHandler
                0x08000258                RTC_WKUP_IRQHandler
                0x08000258                LTDC_IRQHandler
                0x08000258                ETH_WKUP_IRQHandler
                0x08000258                SPI2_IRQHandler
                0x08000258                OTG_HS_EP1_IN_IRQHandler
                0x08000258                MemManage_Handler
                0x08000258                DMA1_Stream0_IRQHandler
                0x08000258                CAN1_TX_IRQHandler
                0x08000258                EXTI4_IRQHandler
                0x08000258                ETH_IRQHandler
                0x08000258                OTG_HS_EP1_OUT_IRQHandler
                0x08000258                WWDG_IRQHandler
                0x08000258                SPI6_IRQHandler
                0x08000258                TIM2_IRQHandler
                0x08000258                OTG_FS_WKUP_IRQHandler
                0x08000258                TIM1_TRG_COM_TIM11_IRQHandler
                0x08000258                OTG_HS_IRQHandler
                0x08000258                DMA2D_IRQHandler
                0x08000258                EXTI1_IRQHandler
                0x08000258                UART7_IRQHandler
                0x08000258                USART2_IRQHandler
                0x08000258                I2C2_ER_IRQHandler
                0x08000258                DMA2_Stream1_IRQHandler
                0x08000258                CAN1_SCE_IRQHandler
                0x08000258                FLASH_IRQHandler
                0x08000258                DMA2_Stream4_IRQHandler
                0x08000258                BusFault_Handler
                0x08000258                USART1_IRQHandler
                0x08000258                OTG_FS_IRQHandler
                0x08000258                SPI3_IRQHandler
                0x08000258                DMA1_Stream4_IRQHandler
                0x08000258                I2C1_ER_IRQHandler
                0x08000258                FMC_IRQHandler
                0x08000258                DMA2_Stream6_IRQHandler
                0x08000258                SAI1_IRQHandler
                0x08000258                DMA1_Stream3_IRQHandler
 *fill*         0x0800025a        0x2 
 .text.Light_Task
                0x0800025c       0x40 ./Src/main.o
                0x0800025c                Light_Task
 .text.main     0x0800029c       0x64 ./Src/main.o
                0x0800029c                main
 .text.SystemClock_Config
                0x08000300       0xec ./Src/main.o
                0x08000300                SystemClock_Config
 .text.MX_GPIO_Init
                0x080003ec      0x554 ./Src/main.o
 .text.StartDefaultTask
                0x08000940       0x10 ./Src/main.o
                0x08000940                StartDefaultTask
 .text.HAL_TIM_PeriodElapsedCallback
                0x08000950       0x24 ./Src/main.o
                0x08000950                HAL_TIM_PeriodElapsedCallback
 .text.Error_Handler
                0x08000974        0x8 ./Src/main.o
                0x08000974                Error_Handler
 .text.HAL_MspInit
                0x0800097c       0x64 ./Src/stm32f4xx_hal_msp.o
                0x0800097c                HAL_MspInit
 .text.HAL_InitTick
                0x080009e0       0xb4 ./Src/stm32f4xx_hal_timebase_TIM.o
                0x080009e0                HAL_InitTick
 .text.SysTick_Handler
                0x08000a94        0xc ./Src/stm32f4xx_it.o
                0x08000a94                SysTick_Handler
 .text.TIM8_TRG_COM_TIM14_IRQHandler
                0x08000aa0       0x14 ./Src/stm32f4xx_it.o
                0x08000aa0                TIM8_TRG_COM_TIM14_IRQHandler
 .text.SystemInit
                0x08000ab4       0x6c ./Src/system_stm32f4xx.o
                0x08000ab4                SystemInit
 .text.pvPortMalloc
                0x08000b20      0x184 ./Middlewares/Third_Party/FreeRTOS/Source/portable/MemMang/heap_4.o
                0x08000b20                pvPortMalloc
 .text.vPortFree
                0x08000ca4       0xb0 ./Middlewares/Third_Party/FreeRTOS/Source/portable/MemMang/heap_4.o
                0x08000ca4                vPortFree
 .text.prvHeapInit
                0x08000d54       0xc4 ./Middlewares/Third_Party/FreeRTOS/Source/portable/MemMang/heap_4.o
 .text.prvInsertBlockIntoFreeList
                0x08000e18       0xb4 ./Middlewares/Third_Party/FreeRTOS/Source/portable/MemMang/heap_4.o
 .text.pxPortInitialiseStack
                0x08000ecc       0x64 ./Middlewares/Third_Party/FreeRTOS/Source/portable/GCC/ARM_CM4F/port.o
                0x08000ecc                pxPortInitialiseStack
 .text.prvTaskExitError
                0x08000f30       0x3c ./Middlewares/Third_Party/FreeRTOS/Source/portable/GCC/ARM_CM4F/port.o
 .text.SVC_Handler
                0x08000f6c       0x24 ./Middlewares/Third_Party/FreeRTOS/Source/portable/GCC/ARM_CM4F/port.o
                0x08000f6c                SVC_Handler
 .text.prvPortStartFirstTask
                0x08000f90       0x20 ./Middlewares/Third_Party/FreeRTOS/Source/portable/GCC/ARM_CM4F/port.o
 .text.xPortStartScheduler
                0x08000fb0      0x118 ./Middlewares/Third_Party/FreeRTOS/Source/portable/GCC/ARM_CM4F/port.o
                0x08000fb0                xPortStartScheduler
 .text.vPortEnterCritical
                0x080010c8       0x5c ./Middlewares/Third_Party/FreeRTOS/Source/portable/GCC/ARM_CM4F/port.o
                0x080010c8                vPortEnterCritical
 .text.vPortExitCritical
                0x08001124       0x50 ./Middlewares/Third_Party/FreeRTOS/Source/portable/GCC/ARM_CM4F/port.o
                0x08001124                vPortExitCritical
 .text.PendSV_Handler
                0x08001174       0x64 ./Middlewares/Third_Party/FreeRTOS/Source/portable/GCC/ARM_CM4F/port.o
                0x08001174                PendSV_Handler
 .text.xPortSysTickHandler
                0x080011d8       0x48 ./Middlewares/Third_Party/FreeRTOS/Source/portable/GCC/ARM_CM4F/port.o
                0x080011d8                xPortSysTickHandler
 .text.vPortSetupTimerInterrupt
                0x08001220       0x38 ./Middlewares/Third_Party/FreeRTOS/Source/portable/GCC/ARM_CM4F/port.o
                0x08001220                vPortSetupTimerInterrupt
 .text.vPortEnableVFP
                0x08001258       0x14 ./Middlewares/Third_Party/FreeRTOS/Source/portable/GCC/ARM_CM4F/port.o
 .text.makeFreeRtosPriority
                0x0800126c       0x30 ./Middlewares/Third_Party/FreeRTOS/Source/CMSIS_RTOS/cmsis_os.o
 .text.osKernelStart
                0x0800129c       0x10 ./Middlewares/Third_Party/FreeRTOS/Source/CMSIS_RTOS/cmsis_os.o
                0x0800129c                osKernelStart
 .text.osThreadCreate
                0x080012ac       0x58 ./Middlewares/Third_Party/FreeRTOS/Source/CMSIS_RTOS/cmsis_os.o
                0x080012ac                osThreadCreate
 .text.osDelay  0x08001304       0x28 ./Middlewares/Third_Party/FreeRTOS/Source/CMSIS_RTOS/cmsis_os.o
                0x08001304                osDelay
 .text.osSystickHandler
                0x0800132c       0x18 ./Middlewares/Third_Party/FreeRTOS/Source/CMSIS_RTOS/cmsis_os.o
                0x0800132c                osSystickHandler
 .text.vListInitialise
                0x08001344       0x40 ./Middlewares/Third_Party/FreeRTOS/Source/list.o
                0x08001344                vListInitialise
 .text.vListInitialiseItem
                0x08001384       0x1c ./Middlewares/Third_Party/FreeRTOS/Source/list.o
                0x08001384                vListInitialiseItem
 .text.vListInsertEnd
                0x080013a0       0x48 ./Middlewares/Third_Party/FreeRTOS/Source/list.o
                0x080013a0                vListInsertEnd
 .text.vListInsert
                0x080013e8       0x74 ./Middlewares/Third_Party/FreeRTOS/Source/list.o
                0x080013e8                vListInsert
 .text.uxListRemove
                0x0800145c       0x54 ./Middlewares/Third_Party/FreeRTOS/Source/list.o
                0x0800145c                uxListRemove
 .text.xTaskGenericCreate
                0x080014b0      0x1b8 ./Middlewares/Third_Party/FreeRTOS/Source/tasks.o
                0x080014b0                xTaskGenericCreate
 .text.vTaskDelay
                0x08001668       0xa4 ./Middlewares/Third_Party/FreeRTOS/Source/tasks.o
                0x08001668                vTaskDelay
 .text.vTaskStartScheduler
                0x0800170c       0x8c ./Middlewares/Third_Party/FreeRTOS/Source/tasks.o
                0x0800170c                vTaskStartScheduler
 .text.vTaskSuspendAll
                0x08001798       0x1c ./Middlewares/Third_Party/FreeRTOS/Source/tasks.o
                0x08001798                vTaskSuspendAll
 .text.xTaskResumeAll
                0x080017b4      0x128 ./Middlewares/Third_Party/FreeRTOS/Source/tasks.o
                0x080017b4                xTaskResumeAll
 .text.xTaskIncrementTick
                0x080018dc      0x17c ./Middlewares/Third_Party/FreeRTOS/Source/tasks.o
                0x080018dc                xTaskIncrementTick
 .text.vTaskSwitchContext
                0x08001a58       0xb4 ./Middlewares/Third_Party/FreeRTOS/Source/tasks.o
                0x08001a58                vTaskSwitchContext
 .text.prvIdleTask
                0x08001b0c       0x30 ./Middlewares/Third_Party/FreeRTOS/Source/tasks.o
 .text.prvInitialiseTCBVariables
                0x08001b3c       0xac ./Middlewares/Third_Party/FreeRTOS/Source/tasks.o
 .text.prvInitialiseTaskLists
                0x08001be8       0x80 ./Middlewares/Third_Party/FreeRTOS/Source/tasks.o
 .text.prvCheckTasksWaitingTermination
                0x08001c68       0x78 ./Middlewares/Third_Party/FreeRTOS/Source/tasks.o
 .text.prvAddCurrentTaskToDelayedList
                0x08001ce0       0x6c ./Middlewares/Third_Party/FreeRTOS/Source/tasks.o
 .text.prvAllocateTCBAndStack
                0x08001d4c       0x6c ./Middlewares/Third_Party/FreeRTOS/Source/tasks.o
 .text.prvDeleteTCB
                0x08001db8       0x20 ./Middlewares/Third_Party/FreeRTOS/Source/tasks.o
 .text.prvResetNextTaskUnblockTime
                0x08001dd8       0x4c ./Middlewares/Third_Party/FreeRTOS/Source/tasks.o
 .text.xTaskGetSchedulerState
                0x08001e24       0x3c ./Middlewares/Third_Party/FreeRTOS/Source/tasks.o
                0x08001e24                xTaskGetSchedulerState
 .text.HAL_Init
                0x08001e60       0x44 ./Drivers/STM32F4xx_HAL_Driver/Src/stm32f4xx_hal.o
                0x08001e60                HAL_Init
 .text.HAL_IncTick
                0x08001ea4       0x1c ./Drivers/STM32F4xx_HAL_Driver/Src/stm32f4xx_hal.o
                0x08001ea4                HAL_IncTick
 .text.HAL_GetTick
                0x08001ec0       0x18 ./Drivers/STM32F4xx_HAL_Driver/Src/stm32f4xx_hal.o
                0x08001ec0                HAL_GetTick
 .text.NVIC_SetPriorityGrouping
                0x08001ed8       0x48 ./Drivers/STM32F4xx_HAL_Driver/Src/stm32f4xx_hal_cortex.o
 .text.NVIC_GetPriorityGrouping
                0x08001f20       0x1c ./Drivers/STM32F4xx_HAL_Driver/Src/stm32f4xx_hal_cortex.o
 .text.NVIC_EnableIRQ
                0x08001f3c       0x34 ./Drivers/STM32F4xx_HAL_Driver/Src/stm32f4xx_hal_cortex.o
 .text.NVIC_SetPriority
                0x08001f70       0x54 ./Drivers/STM32F4xx_HAL_Driver/Src/stm32f4xx_hal_cortex.o
 .text.NVIC_EncodePriority
                0x08001fc4       0x64 ./Drivers/STM32F4xx_HAL_Driver/Src/stm32f4xx_hal_cortex.o
 .text.SysTick_Config
                0x08002028       0x44 ./Drivers/STM32F4xx_HAL_Driver/Src/stm32f4xx_hal_cortex.o
 .text.HAL_NVIC_SetPriorityGrouping
                0x0800206c       0x18 ./Drivers/STM32F4xx_HAL_Driver/Src/stm32f4xx_hal_cortex.o
                0x0800206c                HAL_NVIC_SetPriorityGrouping
 .text.HAL_NVIC_SetPriority
                0x08002084       0x38 ./Drivers/STM32F4xx_HAL_Driver/Src/stm32f4xx_hal_cortex.o
                0x08002084                HAL_NVIC_SetPriority
 .text.HAL_NVIC_EnableIRQ
                0x080020bc       0x1c ./Drivers/STM32F4xx_HAL_Driver/Src/stm32f4xx_hal_cortex.o
                0x080020bc                HAL_NVIC_EnableIRQ
 .text.HAL_SYSTICK_Config
                0x080020d8       0x18 ./Drivers/STM32F4xx_HAL_Driver/Src/stm32f4xx_hal_cortex.o
                0x080020d8                HAL_SYSTICK_Config
 .text.HAL_SYSTICK_CLKSourceConfig
                0x080020f0       0x38 ./Drivers/STM32F4xx_HAL_Driver/Src/stm32f4xx_hal_cortex.o
                0x080020f0                HAL_SYSTICK_CLKSourceConfig
 .text.HAL_GPIO_Init
                0x08002128      0x354 ./Drivers/STM32F4xx_HAL_Driver/Src/stm32f4xx_hal_gpio.o
                0x08002128                HAL_GPIO_Init
 .text.HAL_GPIO_WritePin
                0x0800247c       0x34 ./Drivers/STM32F4xx_HAL_Driver/Src/stm32f4xx_hal_gpio.o
                0x0800247c                HAL_GPIO_WritePin
 .text.HAL_PWREx_EnableOverDrive
                0x080024b0       0xd0 ./Drivers/STM32F4xx_HAL_Driver/Src/stm32f4xx_hal_pwr_ex.o
                0x080024b0                HAL_PWREx_EnableOverDrive
 .text.HAL_RCC_OscConfig
                0x08002580      0x4b4 ./Drivers/STM32F4xx_HAL_Driver/Src/stm32f4xx_hal_rcc.o
                0x08002580                HAL_RCC_OscConfig
 .text.HAL_RCC_ClockConfig
                0x08002a34      0x224 ./Drivers/STM32F4xx_HAL_Driver/Src/stm32f4xx_hal_rcc.o
                0x08002a34                HAL_RCC_ClockConfig
 .text.HAL_RCC_GetSysClockFreq
                0x08002c58       0xfc ./Drivers/STM32F4xx_HAL_Driver/Src/stm32f4xx_hal_rcc.o
                0x08002c58                HAL_RCC_GetSysClockFreq
 .text.HAL_RCC_GetHCLKFreq
                0x08002d54       0x18 ./Drivers/STM32F4xx_HAL_Driver/Src/stm32f4xx_hal_rcc.o
                0x08002d54                HAL_RCC_GetHCLKFreq
 .text.HAL_RCC_GetPCLK1Freq
                0x08002d6c       0x44 ./Drivers/STM32F4xx_HAL_Driver/Src/stm32f4xx_hal_rcc.o
                0x08002d6c                HAL_RCC_GetPCLK1Freq
 .text.HAL_RCC_GetClockConfig
                0x08002db0       0x64 ./Drivers/STM32F4xx_HAL_Driver/Src/stm32f4xx_hal_rcc.o
                0x08002db0                HAL_RCC_GetClockConfig
 .text.HAL_TIM_Base_Init
                0x08002e14       0x58 ./Drivers/STM32F4xx_HAL_Driver/Src/stm32f4xx_hal_tim.o
                0x08002e14                HAL_TIM_Base_Init
 .text.HAL_TIM_Base_MspInit
                0x08002e6c       0x14 ./Drivers/STM32F4xx_HAL_Driver/Src/stm32f4xx_hal_tim.o
                0x08002e6c                HAL_TIM_Base_MspInit
 .text.HAL_TIM_Base_Start_IT
                0x08002e80       0x38 ./Drivers/STM32F4xx_HAL_Driver/Src/stm32f4xx_hal_tim.o
                0x08002e80                HAL_TIM_Base_Start_IT
 .text.HAL_TIM_IRQHandler
                0x08002eb8      0x210 ./Drivers/STM32F4xx_HAL_Driver/Src/stm32f4xx_hal_tim.o
                0x08002eb8                HAL_TIM_IRQHandler
 .text.HAL_TIM_OC_DelayElapsedCallback
                0x080030c8       0x14 ./Drivers/STM32F4xx_HAL_Driver/Src/stm32f4xx_hal_tim.o
                0x080030c8                HAL_TIM_OC_DelayElapsedCallback
 .text.HAL_TIM_IC_CaptureCallback
                0x080030dc       0x14 ./Drivers/STM32F4xx_HAL_Driver/Src/stm32f4xx_hal_tim.o
                0x080030dc                HAL_TIM_IC_CaptureCallback
 .text.HAL_TIM_PWM_PulseFinishedCallback
                0x080030f0       0x14 ./Drivers/STM32F4xx_HAL_Driver/Src/stm32f4xx_hal_tim.o
                0x080030f0                HAL_TIM_PWM_PulseFinishedCallback
 .text.HAL_TIM_TriggerCallback
                0x08003104       0x14 ./Drivers/STM32F4xx_HAL_Driver/Src/stm32f4xx_hal_tim.o
                0x08003104                HAL_TIM_TriggerCallback
 .text.TIM_Base_SetConfig
                0x08003118      0x154 ./Drivers/STM32F4xx_HAL_Driver/Src/stm32f4xx_hal_tim.o
                0x08003118                TIM_Base_SetConfig
 .text.HAL_TIMEx_CommutationCallback
                0x0800326c       0x14 ./Drivers/STM32F4xx_HAL_Driver/Src/stm32f4xx_hal_tim_ex.o
                0x0800326c                HAL_TIMEx_CommutationCallback
 .text.HAL_TIMEx_BreakCallback
                0x08003280       0x14 ./Drivers/STM32F4xx_HAL_Driver/Src/stm32f4xx_hal_tim_ex.o
                0x08003280                HAL_TIMEx_BreakCallback
 .text.__libc_init_array
                0x08003294       0x50 d:/gcc-arm-none-eabi5_4/5.4 2016q3/bin/../lib/gcc/arm-none-eabi/5.4.1/../../../../arm-none-eabi/lib/armv7e-m/softfp\libg.a(lib_a-init.o)
                0x08003294                __libc_init_array
 .text.memset   0x080032e4       0x9c d:/gcc-arm-none-eabi5_4/5.4 2016q3/bin/../lib/gcc/arm-none-eabi/5.4.1/../../../../arm-none-eabi/lib/armv7e-m/softfp\libg.a(lib_a-memset.o)
                0x080032e4                memset
 .text.startup.register_fini
                0x08003380       0x14 d:/gcc-arm-none-eabi5_4/5.4 2016q3/bin/../lib/gcc/arm-none-eabi/5.4.1/../../../../arm-none-eabi/lib/armv7e-m/softfp\libg.a(lib_a-__call_atexit.o)
 .text.atexit   0x08003394        0xc d:/gcc-arm-none-eabi5_4/5.4 2016q3/bin/../lib/gcc/arm-none-eabi/5.4.1/../../../../arm-none-eabi/lib/armv7e-m/softfp\libg.a(lib_a-atexit.o)
                0x08003394                atexit
 .text.__libc_fini_array
                0x080033a0       0x28 d:/gcc-arm-none-eabi5_4/5.4 2016q3/bin/../lib/gcc/arm-none-eabi/5.4.1/../../../../arm-none-eabi/lib/armv7e-m/softfp\libg.a(lib_a-fini.o)
                0x080033a0                __libc_fini_array
 .text.__register_exitproc
                0x080033c8       0xa4 d:/gcc-arm-none-eabi5_4/5.4 2016q3/bin/../lib/gcc/arm-none-eabi/5.4.1/../../../../arm-none-eabi/lib/armv7e-m/softfp\libg.a(lib_a-__atexit.o)
                0x080033c8                __register_exitproc
 *(.glue_7)
 .glue_7        0x0800346c        0x0 linker stubs
 *(.glue_7t)
 .glue_7t       0x0800346c        0x0 linker stubs
 *(.eh_frame)
 .eh_frame      0x0800346c        0x0 d:/gcc-arm-none-eabi5_4/5.4 2016q3/bin/../lib/gcc/arm-none-eabi/5.4.1/armv7e-m/softfp/crtbegin.o
 *(.init)
 .init          0x0800346c        0x4 d:/gcc-arm-none-eabi5_4/5.4 2016q3/bin/../lib/gcc/arm-none-eabi/5.4.1/armv7e-m/softfp/crti.o
                0x0800346c                _init
 .init          0x08003470        0x8 d:/gcc-arm-none-eabi5_4/5.4 2016q3/bin/../lib/gcc/arm-none-eabi/5.4.1/armv7e-m/softfp/crtn.o
 *(.fini)
 .fini          0x08003478        0x4 d:/gcc-arm-none-eabi5_4/5.4 2016q3/bin/../lib/gcc/arm-none-eabi/5.4.1/armv7e-m/softfp/crti.o
                0x08003478                _fini
 .fini          0x0800347c        0x8 d:/gcc-arm-none-eabi5_4/5.4 2016q3/bin/../lib/gcc/arm-none-eabi/5.4.1/armv7e-m/softfp/crtn.o
                0x08003484                . = ALIGN (0x4)
                0x08003484                _etext = .

.vfp11_veneer   0x08003484        0x0
 .vfp11_veneer  0x08003484        0x0 linker stubs

.v4_bx          0x08003484        0x0
 .v4_bx         0x08003484        0x0 linker stubs

.iplt           0x08003484        0x0
 .iplt          0x08003484        0x0 d:/gcc-arm-none-eabi5_4/5.4 2016q3/bin/../lib/gcc/arm-none-eabi/5.4.1/armv7e-m/softfp/crtbegin.o

.rodata         0x08003484       0x40
                0x08003484                . = ALIGN (0x4)
 *(.rodata)
 .rodata        0x08003484       0x24 ./Src/main.o
 .rodata        0x080034a8        0x5 ./Middlewares/Third_Party/FreeRTOS/Source/tasks.o
 *(.rodata*)
 *fill*         0x080034ad        0x3 
 .rodata.APBAHBPrescTable
                0x080034b0       0x10 ./Drivers/STM32F4xx_HAL_Driver/Src/stm32f4xx_hal_rcc.o
                0x080034b0                APBAHBPrescTable
 .rodata._global_impure_ptr
                0x080034c0        0x4 d:/gcc-arm-none-eabi5_4/5.4 2016q3/bin/../lib/gcc/arm-none-eabi/5.4.1/../../../../arm-none-eabi/lib/armv7e-m/softfp\libg.a(lib_a-impure.o)
                0x080034c0                _global_impure_ptr
                0x080034c4                . = ALIGN (0x4)

.rel.dyn        0x080034c4        0x0
 .rel.iplt      0x080034c4        0x0 d:/gcc-arm-none-eabi5_4/5.4 2016q3/bin/../lib/gcc/arm-none-eabi/5.4.1/armv7e-m/softfp/crtbegin.o

.ARM.extab
 *(.ARM.extab* .gnu.linkonce.armextab.*)

.ARM            0x080034c4        0x0
                0x080034c4                __exidx_start = .
 *(.ARM.exidx*)
                0x080034c4                __exidx_end = .

.preinit_array  0x080034c4        0x0
                0x080034c4                PROVIDE (__preinit_array_start, .)
 *(.preinit_array*)
                0x080034c4                PROVIDE (__preinit_array_end, .)

.init_array     0x080034c4        0x8
                0x080034c4                PROVIDE (__init_array_start, .)
 *(SORT(.init_array.*))
 .init_array.00000
                0x080034c4        0x4 d:/gcc-arm-none-eabi5_4/5.4 2016q3/bin/../lib/gcc/arm-none-eabi/5.4.1/../../../../arm-none-eabi/lib/armv7e-m/softfp\libg.a(lib_a-__call_atexit.o)
 *(.init_array*)
 .init_array    0x080034c8        0x4 d:/gcc-arm-none-eabi5_4/5.4 2016q3/bin/../lib/gcc/arm-none-eabi/5.4.1/armv7e-m/softfp/crtbegin.o
                0x080034cc                PROVIDE (__init_array_end, .)

.fini_array     0x080034cc        0x4
                0x080034cc                PROVIDE (__fini_array_start, .)
 *(SORT(.fini_array.*))
 *(.fini_array*)
 .fini_array    0x080034cc        0x4 d:/gcc-arm-none-eabi5_4/5.4 2016q3/bin/../lib/gcc/arm-none-eabi/5.4.1/armv7e-m/softfp/crtbegin.o
                0x080034d0                PROVIDE (__fini_array_end, .)
                0x080034d0                _sidata = LOADADDR (.data)

.data           0x20000000      0x430 load address 0x080034d0
                0x20000000                . = ALIGN (0x4)
                0x20000000                _sdata = .
 *(.data)
 *(.data*)
 .data.SystemCoreClock
                0x20000000        0x4 ./Src/system_stm32f4xx.o
                0x20000000                SystemCoreClock
 .data.uxCriticalNesting
                0x20000004        0x4 ./Middlewares/Third_Party/FreeRTOS/Source/portable/GCC/ARM_CM4F/port.o
 .data.impure_data
                0x20000008      0x428 d:/gcc-arm-none-eabi5_4/5.4 2016q3/bin/../lib/gcc/arm-none-eabi/5.4.1/../../../../arm-none-eabi/lib/armv7e-m/softfp\libg.a(lib_a-impure.o)
                0x20000430                . = ALIGN (0x4)
                0x20000430                _edata = .
                0x08003900                _siccmram = LOADADDR (.ccmram)

.jcr            0x20000430        0x0 load address 0x08003900
 .jcr           0x20000430        0x0 d:/gcc-arm-none-eabi5_4/5.4 2016q3/bin/../lib/gcc/arm-none-eabi/5.4.1/armv7e-m/softfp/crtbegin.o

.igot.plt       0x20000430        0x0 load address 0x08003900
 .igot.plt      0x20000430        0x0 d:/gcc-arm-none-eabi5_4/5.4 2016q3/bin/../lib/gcc/arm-none-eabi/5.4.1/armv7e-m/softfp/crtbegin.o

.ccmram         0x10000000        0x0 load address 0x08003900
                0x10000000                . = ALIGN (0x4)
                0x10000000                _sccmram = .
 *(.ccmram)
 *(.ccmram*)
                0x10000000                . = ALIGN (0x4)
                0x10000000                _eccmram = .
                0x10000000                . = ALIGN (0x4)

.bss            0x20000430     0x3dac
                0x20000430                _sbss = .
                0x20000430                __bss_start__ = _sbss
 *(.bss)
 .bss           0x20000430       0x1c d:/gcc-arm-none-eabi5_4/5.4 2016q3/bin/../lib/gcc/arm-none-eabi/5.4.1/armv7e-m/softfp/crtbegin.o
 *(.bss*)
 .bss.ucHeap    0x2000044c     0x3c00 ./Middlewares/Third_Party/FreeRTOS/Source/portable/MemMang/heap_4.o
 .bss.xStart    0x2000404c        0x8 ./Middlewares/Third_Party/FreeRTOS/Source/portable/MemMang/heap_4.o
 .bss.pxEnd     0x20004054        0x4 ./Middlewares/Third_Party/FreeRTOS/Source/portable/MemMang/heap_4.o
 .bss.xFreeBytesRemaining
                0x20004058        0x4 ./Middlewares/Third_Party/FreeRTOS/Source/portable/MemMang/heap_4.o
 .bss.xMinimumEverFreeBytesRemaining
                0x2000405c        0x4 ./Middlewares/Third_Party/FreeRTOS/Source/portable/MemMang/heap_4.o
 .bss.xBlockAllocatedBit
                0x20004060        0x4 ./Middlewares/Third_Party/FreeRTOS/Source/portable/MemMang/heap_4.o
 .bss.ucMaxSysCallPriority
                0x20004064        0x1 ./Middlewares/Third_Party/FreeRTOS/Source/portable/GCC/ARM_CM4F/port.o
 *fill*         0x20004065        0x3 
 .bss.ulMaxPRIGROUPValue
                0x20004068        0x4 ./Middlewares/Third_Party/FreeRTOS/Source/portable/GCC/ARM_CM4F/port.o
 .bss.pxCurrentTCB
                0x2000406c        0x4 ./Middlewares/Third_Party/FreeRTOS/Source/tasks.o
                0x2000406c                pxCurrentTCB
 .bss.pxReadyTasksLists
                0x20004070       0x8c ./Middlewares/Third_Party/FreeRTOS/Source/tasks.o
 .bss.xDelayedTaskList1
                0x200040fc       0x14 ./Middlewares/Third_Party/FreeRTOS/Source/tasks.o
 .bss.xDelayedTaskList2
                0x20004110       0x14 ./Middlewares/Third_Party/FreeRTOS/Source/tasks.o
 .bss.pxDelayedTaskList
                0x20004124        0x4 ./Middlewares/Third_Party/FreeRTOS/Source/tasks.o
 .bss.pxOverflowDelayedTaskList
                0x20004128        0x4 ./Middlewares/Third_Party/FreeRTOS/Source/tasks.o
 .bss.xPendingReadyList
                0x2000412c       0x14 ./Middlewares/Third_Party/FreeRTOS/Source/tasks.o
 .bss.xTasksWaitingTermination
                0x20004140       0x14 ./Middlewares/Third_Party/FreeRTOS/Source/tasks.o
 .bss.uxTasksDeleted
                0x20004154        0x4 ./Middlewares/Third_Party/FreeRTOS/Source/tasks.o
 .bss.xSuspendedTaskList
                0x20004158       0x14 ./Middlewares/Third_Party/FreeRTOS/Source/tasks.o
 .bss.uxCurrentNumberOfTasks
                0x2000416c        0x4 ./Middlewares/Third_Party/FreeRTOS/Source/tasks.o
 .bss.xTickCount
                0x20004170        0x4 ./Middlewares/Third_Party/FreeRTOS/Source/tasks.o
 .bss.uxTopUsedPriority
                0x20004174        0x4 ./Middlewares/Third_Party/FreeRTOS/Source/tasks.o
 .bss.uxTopReadyPriority
                0x20004178        0x4 ./Middlewares/Third_Party/FreeRTOS/Source/tasks.o
 .bss.xSchedulerRunning
                0x2000417c        0x4 ./Middlewares/Third_Party/FreeRTOS/Source/tasks.o
 .bss.uxPendedTicks
                0x20004180        0x4 ./Middlewares/Third_Party/FreeRTOS/Source/tasks.o
 .bss.xYieldPending
                0x20004184        0x4 ./Middlewares/Third_Party/FreeRTOS/Source/tasks.o
 .bss.xNumOfOverflows
                0x20004188        0x4 ./Middlewares/Third_Party/FreeRTOS/Source/tasks.o
 .bss.uxTaskNumber
                0x2000418c        0x4 ./Middlewares/Third_Party/FreeRTOS/Source/tasks.o
 .bss.xNextTaskUnblockTime
                0x20004190        0x4 ./Middlewares/Third_Party/FreeRTOS/Source/tasks.o
 .bss.uxSchedulerSuspended
                0x20004194        0x4 ./Middlewares/Third_Party/FreeRTOS/Source/tasks.o
 *(COMMON)
 COMMON         0x20004198        0x4 ./Src/main.o
                0x20004198                defaultTaskHandle
 COMMON         0x2000419c       0x3c ./Src/stm32f4xx_hal_timebase_TIM.o
                0x2000419c                htim14
 COMMON         0x200041d8        0x4 ./Drivers/STM32F4xx_HAL_Driver/Src/stm32f4xx_hal.o
                0x200041d8                uwTick
                0x200041dc                . = ALIGN (0x4)
                0x200041dc                _ebss = .
                0x200041dc                __bss_end__ = _ebss

._user_heap_stack
                0x200041dc      0x604
                0x200041e0                . = ALIGN (0x8)
 *fill*         0x200041dc        0x4 
                [!provide]                PROVIDE (end, .)
                [!provide]                PROVIDE (_end, .)
                0x200043e0                . = (. + _Min_Heap_Size)
 *fill*         0x200041e0      0x200 
                0x200047e0                . = (. + _Min_Stack_Size)
 *fill*         0x200043e0      0x400 
                0x200047e0                . = ALIGN (0x8)

/DISCARD/
 libc.a(*)
 libm.a(*)
 libgcc.a(*)

.ARM.attributes
                0x00000000       0x2e
 *(.ARM.attributes)
 .ARM.attributes
                0x00000000       0x22 d:/gcc-arm-none-eabi5_4/5.4 2016q3/bin/../lib/gcc/arm-none-eabi/5.4.1/armv7e-m/softfp/crti.o
 .ARM.attributes
                0x00000022       0x32 d:/gcc-arm-none-eabi5_4/5.4 2016q3/bin/../lib/gcc/arm-none-eabi/5.4.1/armv7e-m/softfp/crtbegin.o
 .ARM.attributes
                0x00000054       0x21 ./startup/startup_stm32f429xx.o
 .ARM.attributes
                0x00000075       0x37 ./Src/main.o
 .ARM.attributes
                0x000000ac       0x37 ./Src/stm32f4xx_hal_msp.o
 .ARM.attributes
                0x000000e3       0x37 ./Src/stm32f4xx_hal_timebase_TIM.o
 .ARM.attributes
                0x0000011a       0x37 ./Src/stm32f4xx_it.o
 .ARM.attributes
                0x00000151       0x37 ./Src/system_stm32f4xx.o
 .ARM.attributes
                0x00000188       0x37 ./Middlewares/Third_Party/FreeRTOS/Source/portable/MemMang/heap_4.o
 .ARM.attributes
                0x000001bf       0x37 ./Middlewares/Third_Party/FreeRTOS/Source/portable/GCC/ARM_CM4F/port.o
 .ARM.attributes
                0x000001f6       0x37 ./Middlewares/Third_Party/FreeRTOS/Source/CMSIS_RTOS/cmsis_os.o
 .ARM.attributes
                0x0000022d       0x37 ./Middlewares/Third_Party/FreeRTOS/Source/list.o
 .ARM.attributes
                0x00000264       0x37 ./Middlewares/Third_Party/FreeRTOS/Source/tasks.o
 .ARM.attributes
                0x0000029b       0x37 ./Drivers/STM32F4xx_HAL_Driver/Src/stm32f4xx_hal.o
 .ARM.attributes
                0x000002d2       0x37 ./Drivers/STM32F4xx_HAL_Driver/Src/stm32f4xx_hal_cortex.o
 .ARM.attributes
                0x00000309       0x37 ./Drivers/STM32F4xx_HAL_Driver/Src/stm32f4xx_hal_gpio.o
 .ARM.attributes
                0x00000340       0x37 ./Drivers/STM32F4xx_HAL_Driver/Src/stm32f4xx_hal_pwr_ex.o
 .ARM.attributes
                0x00000377       0x37 ./Drivers/STM32F4xx_HAL_Driver/Src/stm32f4xx_hal_rcc.o
 .ARM.attributes
                0x000003ae       0x37 ./Drivers/STM32F4xx_HAL_Driver/Src/stm32f4xx_hal_tim.o
 .ARM.attributes
                0x000003e5       0x37 ./Drivers/STM32F4xx_HAL_Driver/Src/stm32f4xx_hal_tim_ex.o
 .ARM.attributes
                0x0000041c       0x32 d:/gcc-arm-none-eabi5_4/5.4 2016q3/bin/../lib/gcc/arm-none-eabi/5.4.1/../../../../arm-none-eabi/lib/armv7e-m/softfp\libg.a(lib_a-impure.o)
 .ARM.attributes
                0x0000044e       0x32 d:/gcc-arm-none-eabi5_4/5.4 2016q3/bin/../lib/gcc/arm-none-eabi/5.4.1/../../../../arm-none-eabi/lib/armv7e-m/softfp\libg.a(lib_a-init.o)
 .ARM.attributes
                0x00000480       0x32 d:/gcc-arm-none-eabi5_4/5.4 2016q3/bin/../lib/gcc/arm-none-eabi/5.4.1/../../../../arm-none-eabi/lib/armv7e-m/softfp\libg.a(lib_a-memset.o)
 .ARM.attributes
                0x000004b2       0x32 d:/gcc-arm-none-eabi5_4/5.4 2016q3/bin/../lib/gcc/arm-none-eabi/5.4.1/../../../../arm-none-eabi/lib/armv7e-m/softfp\libg.a(lib_a-__call_atexit.o)
 .ARM.attributes
                0x000004e4       0x32 d:/gcc-arm-none-eabi5_4/5.4 2016q3/bin/../lib/gcc/arm-none-eabi/5.4.1/../../../../arm-none-eabi/lib/armv7e-m/softfp\libg.a(lib_a-atexit.o)
 .ARM.attributes
                0x00000516       0x32 d:/gcc-arm-none-eabi5_4/5.4 2016q3/bin/../lib/gcc/arm-none-eabi/5.4.1/../../../../arm-none-eabi/lib/armv7e-m/softfp\libg.a(lib_a-fini.o)
 .ARM.attributes
                0x00000548       0x32 d:/gcc-arm-none-eabi5_4/5.4 2016q3/bin/../lib/gcc/arm-none-eabi/5.4.1/../../../../arm-none-eabi/lib/armv7e-m/softfp\libg.a(lib_a-__atexit.o)
 .ARM.attributes
                0x0000057a       0x22 d:/gcc-arm-none-eabi5_4/5.4 2016q3/bin/../lib/gcc/arm-none-eabi/5.4.1/armv7e-m/softfp/crtn.o
OUTPUT(Stander_Cross_ARM_GCC.elf elf32-littlearm)

.debug_line     0x00000000     0x4162
 .debug_line    0x00000000       0x7f ./startup/startup_stm32f429xx.o
 .debug_line    0x0000007f      0x1a3 ./Src/main.o
 .debug_line    0x00000222       0x53 ./Src/stm32f4xx_hal_msp.o
 .debug_line    0x00000275       0x8d ./Src/stm32f4xx_hal_timebase_TIM.o
 .debug_line    0x00000302       0x59 ./Src/stm32f4xx_it.o
 .debug_line    0x0000035b       0x79 ./Src/system_stm32f4xx.o
 .debug_line    0x000003d4      0x208 ./Middlewares/Third_Party/FreeRTOS/Source/portable/MemMang/heap_4.o
 .debug_line    0x000005dc      0x276 ./Middlewares/Third_Party/FreeRTOS/Source/portable/GCC/ARM_CM4F/port.o
 .debug_line    0x00000852      0x697 ./Middlewares/Third_Party/FreeRTOS/Source/CMSIS_RTOS/cmsis_os.o
 .debug_line    0x00000ee9       0xd8 ./Middlewares/Third_Party/FreeRTOS/Source/list.o
 .debug_line    0x00000fc1      0xbb9 ./Middlewares/Third_Party/FreeRTOS/Source/tasks.o
 .debug_line    0x00001b7a      0x265 ./Drivers/STM32F4xx_HAL_Driver/Src/stm32f4xx_hal.o
 .debug_line    0x00001ddf      0x369 ./Drivers/STM32F4xx_HAL_Driver/Src/stm32f4xx_hal_cortex.o
 .debug_line    0x00002148      0x266 ./Drivers/STM32F4xx_HAL_Driver/Src/stm32f4xx_hal_gpio.o
 .debug_line    0x000023ae      0x1fa ./Drivers/STM32F4xx_HAL_Driver/Src/stm32f4xx_hal_pwr_ex.o
 .debug_line    0x000025a8      0x3a7 ./Drivers/STM32F4xx_HAL_Driver/Src/stm32f4xx_hal_rcc.o
 .debug_line    0x0000294f     0x11f3 ./Drivers/STM32F4xx_HAL_Driver/Src/stm32f4xx_hal_tim.o
 .debug_line    0x00003b42      0x620 ./Drivers/STM32F4xx_HAL_Driver/Src/stm32f4xx_hal_tim_ex.o

.debug_info     0x00000000     0x243b
 .debug_info    0x00000000       0x79 ./startup/startup_stm32f429xx.o
 .debug_info    0x00000079       0xa1 ./Src/main.o
 .debug_info    0x0000011a       0x37 ./Src/stm32f4xx_hal_msp.o
 .debug_info    0x00000151       0x59 ./Src/stm32f4xx_hal_timebase_TIM.o
 .debug_info    0x000001aa       0x48 ./Src/stm32f4xx_it.o
 .debug_info    0x000001f2       0x48 ./Src/system_stm32f4xx.o
 .debug_info    0x0000023a      0x103 ./Middlewares/Third_Party/FreeRTOS/Source/portable/MemMang/heap_4.o
 .debug_info    0x0000033d      0x215 ./Middlewares/Third_Party/FreeRTOS/Source/portable/GCC/ARM_CM4F/port.o
 .debug_info    0x00000552      0x403 ./Middlewares/Third_Party/FreeRTOS/Source/CMSIS_RTOS/cmsis_os.o
 .debug_info    0x00000955       0x7b ./Middlewares/Third_Party/FreeRTOS/Source/list.o
 .debug_info    0x000009d0      0x6f4 ./Middlewares/Third_Party/FreeRTOS/Source/tasks.o
 .debug_info    0x000010c4      0x219 ./Drivers/STM32F4xx_HAL_Driver/Src/stm32f4xx_hal.o
 .debug_info    0x000012dd      0x283 ./Drivers/STM32F4xx_HAL_Driver/Src/stm32f4xx_hal_cortex.o
 .debug_info    0x00001560       0xb5 ./Drivers/STM32F4xx_HAL_Driver/Src/stm32f4xx_hal_gpio.o
 .debug_info    0x00001615      0x199 ./Drivers/STM32F4xx_HAL_Driver/Src/stm32f4xx_hal_pwr_ex.o
 .debug_info    0x000017ae      0x237 ./Drivers/STM32F4xx_HAL_Driver/Src/stm32f4xx_hal_rcc.o
 .debug_info    0x000019e5      0x798 ./Drivers/STM32F4xx_HAL_Driver/Src/stm32f4xx_hal_tim.o
 .debug_info    0x0000217d      0x2be ./Drivers/STM32F4xx_HAL_Driver/Src/stm32f4xx_hal_tim_ex.o

.debug_abbrev   0x00000000      0x893
 .debug_abbrev  0x00000000       0x12 ./startup/startup_stm32f429xx.o
 .debug_abbrev  0x00000012       0x6a ./Src/main.o
 .debug_abbrev  0x0000007c       0x2a ./Src/stm32f4xx_hal_msp.o
 .debug_abbrev  0x000000a6       0x40 ./Src/stm32f4xx_hal_timebase_TIM.o
 .debug_abbrev  0x000000e6       0x2a ./Src/stm32f4xx_it.o
 .debug_abbrev  0x00000110       0x2a ./Src/system_stm32f4xx.o
 .debug_abbrev  0x0000013a       0x99 ./Middlewares/Third_Party/FreeRTOS/Source/portable/MemMang/heap_4.o
 .debug_abbrev  0x000001d3       0xcc ./Middlewares/Third_Party/FreeRTOS/Source/portable/GCC/ARM_CM4F/port.o
 .debug_abbrev  0x0000029f       0xd9 ./Middlewares/Third_Party/FreeRTOS/Source/CMSIS_RTOS/cmsis_os.o
 .debug_abbrev  0x00000378       0x2a ./Middlewares/Third_Party/FreeRTOS/Source/list.o
 .debug_abbrev  0x000003a2       0xca ./Middlewares/Third_Party/FreeRTOS/Source/tasks.o
 .debug_abbrev  0x0000046c       0xb6 ./Drivers/STM32F4xx_HAL_Driver/Src/stm32f4xx_hal.o
 .debug_abbrev  0x00000522       0xb0 ./Drivers/STM32F4xx_HAL_Driver/Src/stm32f4xx_hal_cortex.o
 .debug_abbrev  0x000005d2       0x56 ./Drivers/STM32F4xx_HAL_Driver/Src/stm32f4xx_hal_gpio.o
 .debug_abbrev  0x00000628       0xc9 ./Drivers/STM32F4xx_HAL_Driver/Src/stm32f4xx_hal_pwr_ex.o
 .debug_abbrev  0x000006f1       0xba ./Drivers/STM32F4xx_HAL_Driver/Src/stm32f4xx_hal_rcc.o
 .debug_abbrev  0x000007ab       0x7e ./Drivers/STM32F4xx_HAL_Driver/Src/stm32f4xx_hal_tim.o
 .debug_abbrev  0x00000829       0x6a ./Drivers/STM32F4xx_HAL_Driver/Src/stm32f4xx_hal_tim_ex.o

.debug_aranges  0x00000000      0xd48
 .debug_aranges
                0x00000000       0x28 ./startup/startup_stm32f429xx.o
 .debug_aranges
                0x00000028       0x50 ./Src/main.o
 .debug_aranges
                0x00000078       0x20 ./Src/stm32f4xx_hal_msp.o
 .debug_aranges
                0x00000098       0x30 ./Src/stm32f4xx_hal_timebase_TIM.o
 .debug_aranges
                0x000000c8       0x28 ./Src/stm32f4xx_it.o
 .debug_aranges
                0x000000f0       0x28 ./Src/system_stm32f4xx.o
 .debug_aranges
                0x00000118       0x50 ./Middlewares/Third_Party/FreeRTOS/Source/portable/MemMang/heap_4.o
 .debug_aranges
                0x00000168       0x80 ./Middlewares/Third_Party/FreeRTOS/Source/portable/GCC/ARM_CM4F/port.o
 .debug_aranges
                0x000001e8      0x1b0 ./Middlewares/Third_Party/FreeRTOS/Source/CMSIS_RTOS/cmsis_os.o
 .debug_aranges
                0x00000398       0x40 ./Middlewares/Third_Party/FreeRTOS/Source/list.o
 .debug_aranges
                0x000003d8      0x1b0 ./Middlewares/Third_Party/FreeRTOS/Source/tasks.o
 .debug_aranges
                0x00000588       0xd0 ./Drivers/STM32F4xx_HAL_Driver/Src/stm32f4xx_hal.o
 .debug_aranges
                0x00000658      0x108 ./Drivers/STM32F4xx_HAL_Driver/Src/stm32f4xx_hal_cortex.o
 .debug_aranges
                0x00000760       0x58 ./Drivers/STM32F4xx_HAL_Driver/Src/stm32f4xx_hal_gpio.o
 .debug_aranges
                0x000007b8       0x60 ./Drivers/STM32F4xx_HAL_Driver/Src/stm32f4xx_hal_pwr_ex.o
 .debug_aranges
                0x00000818       0x88 ./Drivers/STM32F4xx_HAL_Driver/Src/stm32f4xx_hal_rcc.o
 .debug_aranges
                0x000008a0      0x368 ./Drivers/STM32F4xx_HAL_Driver/Src/stm32f4xx_hal_tim.o
 .debug_aranges
                0x00000c08      0x140 ./Drivers/STM32F4xx_HAL_Driver/Src/stm32f4xx_hal_tim_ex.o

.debug_ranges   0x00000000      0xc30
 .debug_ranges  0x00000000       0x20 ./startup/startup_stm32f429xx.o
 .debug_ranges  0x00000020       0x40 ./Src/main.o
 .debug_ranges  0x00000060       0x10 ./Src/stm32f4xx_hal_msp.o
 .debug_ranges  0x00000070       0x20 ./Src/stm32f4xx_hal_timebase_TIM.o
 .debug_ranges  0x00000090       0x18 ./Src/stm32f4xx_it.o
 .debug_ranges  0x000000a8       0x18 ./Src/system_stm32f4xx.o
 .debug_ranges  0x000000c0       0x40 ./Middlewares/Third_Party/FreeRTOS/Source/portable/MemMang/heap_4.o
 .debug_ranges  0x00000100       0x70 ./Middlewares/Third_Party/FreeRTOS/Source/portable/GCC/ARM_CM4F/port.o
 .debug_ranges  0x00000170      0x1a0 ./Middlewares/Third_Party/FreeRTOS/Source/CMSIS_RTOS/cmsis_os.o
 .debug_ranges  0x00000310       0x30 ./Middlewares/Third_Party/FreeRTOS/Source/list.o
 .debug_ranges  0x00000340      0x1a0 ./Middlewares/Third_Party/FreeRTOS/Source/tasks.o
 .debug_ranges  0x000004e0       0xc0 ./Drivers/STM32F4xx_HAL_Driver/Src/stm32f4xx_hal.o
 .debug_ranges  0x000005a0       0xf8 ./Drivers/STM32F4xx_HAL_Driver/Src/stm32f4xx_hal_cortex.o
 .debug_ranges  0x00000698       0x48 ./Drivers/STM32F4xx_HAL_Driver/Src/stm32f4xx_hal_gpio.o
 .debug_ranges  0x000006e0       0x50 ./Drivers/STM32F4xx_HAL_Driver/Src/stm32f4xx_hal_pwr_ex.o
 .debug_ranges  0x00000730       0x78 ./Drivers/STM32F4xx_HAL_Driver/Src/stm32f4xx_hal_rcc.o
 .debug_ranges  0x000007a8      0x358 ./Drivers/STM32F4xx_HAL_Driver/Src/stm32f4xx_hal_tim.o
 .debug_ranges  0x00000b00      0x130 ./Drivers/STM32F4xx_HAL_Driver/Src/stm32f4xx_hal_tim_ex.o

.debug_str      0x00000000     0x2190
 .debug_str     0x00000000      0x18d ./Src/main.o
 .debug_str     0x0000018d       0x27 ./Src/stm32f4xx_hal_msp.o
                                0x139 (size before relaxing)
 .debug_str     0x000001b4       0x50 ./Src/stm32f4xx_hal_timebase_TIM.o
                                0x162 (size before relaxing)
 .debug_str     0x00000204       0x44 ./Src/stm32f4xx_it.o
                                0x156 (size before relaxing)
 .debug_str     0x00000248       0x3b ./Src/system_stm32f4xx.o
                                0x14d (size before relaxing)
 .debug_str     0x00000283       0xe0 ./Middlewares/Third_Party/FreeRTOS/Source/portable/MemMang/heap_4.o
                                0x1f2 (size before relaxing)
 .debug_str     0x00000363      0x169 ./Middlewares/Third_Party/FreeRTOS/Source/portable/GCC/ARM_CM4F/port.o
                                0x28d (size before relaxing)
 .debug_str     0x000004cc      0x349 ./Middlewares/Third_Party/FreeRTOS/Source/CMSIS_RTOS/cmsis_os.o
                                0x47e (size before relaxing)
 .debug_str     0x00000815       0x7e ./Middlewares/Third_Party/FreeRTOS/Source/list.o
                                0x190 (size before relaxing)
 .debug_str     0x00000893      0x48c ./Middlewares/Third_Party/FreeRTOS/Source/tasks.o
                                0x5d3 (size before relaxing)
 .debug_str     0x00000d1f      0x1d6 ./Drivers/STM32F4xx_HAL_Driver/Src/stm32f4xx_hal.o
                                0x320 (size before relaxing)
 .debug_str     0x00000ef5      0x1e8 ./Drivers/STM32F4xx_HAL_Driver/Src/stm32f4xx_hal_cortex.o
                                0x3c8 (size before relaxing)
 .debug_str     0x000010dd       0xce ./Drivers/STM32F4xx_HAL_Driver/Src/stm32f4xx_hal_gpio.o
                                0x1e0 (size before relaxing)
 .debug_str     0x000011ab      0x148 ./Drivers/STM32F4xx_HAL_Driver/Src/stm32f4xx_hal_pwr_ex.o
                                0x261 (size before relaxing)
 .debug_str     0x000012f3      0x151 ./Drivers/STM32F4xx_HAL_Driver/Src/stm32f4xx_hal_rcc.o
                                0x26a (size before relaxing)
 .debug_str     0x00001444      0x936 ./Drivers/STM32F4xx_HAL_Driver/Src/stm32f4xx_hal_tim.o
                                0xa66 (size before relaxing)
 .debug_str     0x00001d7a      0x416 ./Drivers/STM32F4xx_HAL_Driver/Src/stm32f4xx_hal_tim_ex.o
                                0x528 (size before relaxing)

.comment        0x00000000       0x6e
 .comment       0x00000000       0x6e ./Src/main.o
                                 0x6f (size before relaxing)
 .comment       0x0000006e       0x6f ./Src/stm32f4xx_hal_msp.o
 .comment       0x0000006e       0x6f ./Src/stm32f4xx_hal_timebase_TIM.o
 .comment       0x0000006e       0x6f ./Src/stm32f4xx_it.o
 .comment       0x0000006e       0x6f ./Src/system_stm32f4xx.o
 .comment       0x0000006e       0x6f ./Middlewares/Third_Party/FreeRTOS/Source/portable/MemMang/heap_4.o
 .comment       0x0000006e       0x6f ./Middlewares/Third_Party/FreeRTOS/Source/portable/GCC/ARM_CM4F/port.o
 .comment       0x0000006e       0x6f ./Middlewares/Third_Party/FreeRTOS/Source/CMSIS_RTOS/cmsis_os.o
 .comment       0x0000006e       0x6f ./Middlewares/Third_Party/FreeRTOS/Source/list.o
 .comment       0x0000006e       0x6f ./Middlewares/Third_Party/FreeRTOS/Source/tasks.o
 .comment       0x0000006e       0x6f ./Drivers/STM32F4xx_HAL_Driver/Src/stm32f4xx_hal.o
 .comment       0x0000006e       0x6f ./Drivers/STM32F4xx_HAL_Driver/Src/stm32f4xx_hal_cortex.o
 .comment       0x0000006e       0x6f ./Drivers/STM32F4xx_HAL_Driver/Src/stm32f4xx_hal_gpio.o
 .comment       0x0000006e       0x6f ./Drivers/STM32F4xx_HAL_Driver/Src/stm32f4xx_hal_pwr_ex.o
 .comment       0x0000006e       0x6f ./Drivers/STM32F4xx_HAL_Driver/Src/stm32f4xx_hal_rcc.o
 .comment       0x0000006e       0x6f ./Drivers/STM32F4xx_HAL_Driver/Src/stm32f4xx_hal_tim.o
 .comment       0x0000006e       0x6f ./Drivers/STM32F4xx_HAL_Driver/Src/stm32f4xx_hal_tim_ex.o

.debug_frame    0x00000000     0x36c8
 .debug_frame   0x00000000       0xfc ./Src/main.o
 .debug_frame   0x000000fc       0x2c ./Src/stm32f4xx_hal_msp.o
 .debug_frame   0x00000128       0x74 ./Src/stm32f4xx_hal_timebase_TIM.o
 .debug_frame   0x0000019c       0x48 ./Src/stm32f4xx_it.o
 .debug_frame   0x000001e4       0x58 ./Src/system_stm32f4xx.o
 .debug_frame   0x0000023c      0x108 ./Middlewares/Third_Party/FreeRTOS/Source/portable/MemMang/heap_4.o
 .debug_frame   0x00000344      0x19c ./Middlewares/Third_Party/FreeRTOS/Source/portable/GCC/ARM_CM4F/port.o
 .debug_frame   0x000004e0      0x750 ./Middlewares/Third_Party/FreeRTOS/Source/CMSIS_RTOS/cmsis_os.o
 .debug_frame   0x00000c30       0xd8 ./Middlewares/Third_Party/FreeRTOS/Source/list.o
 .debug_frame   0x00000d08      0x75c ./Middlewares/Third_Party/FreeRTOS/Source/tasks.o
 .debug_frame   0x00001464      0x310 ./Drivers/STM32F4xx_HAL_Driver/Src/stm32f4xx_hal.o
 .debug_frame   0x00001774      0x450 ./Drivers/STM32F4xx_HAL_Driver/Src/stm32f4xx_hal_cortex.o
 .debug_frame   0x00001bc4      0x14c ./Drivers/STM32F4xx_HAL_Driver/Src/stm32f4xx_hal_gpio.o
 .debug_frame   0x00001d10      0x158 ./Drivers/STM32F4xx_HAL_Driver/Src/stm32f4xx_hal_pwr_ex.o
 .debug_frame   0x00001e68      0x200 ./Drivers/STM32F4xx_HAL_Driver/Src/stm32f4xx_hal_rcc.o
 .debug_frame   0x00002068      0xfb4 ./Drivers/STM32F4xx_HAL_Driver/Src/stm32f4xx_hal_tim.o
 .debug_frame   0x0000301c      0x574 ./Drivers/STM32F4xx_HAL_Driver/Src/stm32f4xx_hal_tim_ex.o
 .debug_frame   0x00003590       0x2c d:/gcc-arm-none-eabi5_4/5.4 2016q3/bin/../lib/gcc/arm-none-eabi/5.4.1/../../../../arm-none-eabi/lib/armv7e-m/softfp\libg.a(lib_a-init.o)
 .debug_frame   0x000035bc       0x34 d:/gcc-arm-none-eabi5_4/5.4 2016q3/bin/../lib/gcc/arm-none-eabi/5.4.1/../../../../arm-none-eabi/lib/armv7e-m/softfp\libg.a(lib_a-memset.o)
 .debug_frame   0x000035f0       0x50 d:/gcc-arm-none-eabi5_4/5.4 2016q3/bin/../lib/gcc/arm-none-eabi/5.4.1/../../../../arm-none-eabi/lib/armv7e-m/softfp\libg.a(lib_a-__call_atexit.o)
 .debug_frame   0x00003640       0x20 d:/gcc-arm-none-eabi5_4/5.4 2016q3/bin/../lib/gcc/arm-none-eabi/5.4.1/../../../../arm-none-eabi/lib/armv7e-m/softfp\libg.a(lib_a-atexit.o)
 .debug_frame   0x00003660       0x34 d:/gcc-arm-none-eabi5_4/5.4 2016q3/bin/../lib/gcc/arm-none-eabi/5.4.1/../../../../arm-none-eabi/lib/armv7e-m/softfp\libg.a(lib_a-fini.o)
 .debug_frame   0x00003694       0x34 d:/gcc-arm-none-eabi5_4/5.4 2016q3/bin/../lib/gcc/arm-none-eabi/5.4.1/../../../../arm-none-eabi/lib/armv7e-m/softfp\libg.a(lib_a-__atexit.o)
